// Jest Snapshot v1, https://goo.gl/fbAQLP

exports[`<HomeScreen /> renders correctly 1`] = `
<View
  style={
    {
      "backgroundColor": "#f6f5f5",
      "flex": 1,
    }
  }
>
  <Text>
    Home Screen
  </Text>
</View>
`;
